pb
pb
rb
pb
pb
rb
rb
pb
rrr
pb
rra
sa
rra
pa
pa
pa
pa
rra
rra
pa
pa
